// Jest Snapshot v1, https://goo.gl/fbAQLP

exports[`matches snapshot 1`] = `
<DocumentFragment>
  <section
    class="col-md-4"
  >
    <div
      class="card"
    >
      <div
        class="card-body"
      >
        <h5
          class="font-weight-bold text-center card-title"
        >
          snacks Menu
        </h5>
        <p
          class="card-text"
        >
          Below is a list of our current menu options.
        </p>
        <ul
          class="list-group"
        >
          <a
            href="/snacks/nachos"
          >
            <li
              class="list-group-item"
            >
              Nachos
            </li>
          </a>
        </ul>
        <p
          class="card-text"
        >
          Submit your own recipe 
          <a
            href="/create/snacks"
          >
            <button>
              here!
            </button>
          </a>
        </p>
      </div>
    </div>
  </section>
</DocumentFragment>
`;
